---
source: tests/integration/stacking_tests.rs
expression: stats
---
ImageStats {
    channels: [
        ChannelStats {
            median: 0.0067201518,
            mad: 5.6762714e-5,
            sigma: 8.4156396e-5,
            min: 0.005412279,
            max: 0.9819725,
        },
        ChannelStats {
            median: 0.0067198593,
            mad: 5.8610458e-5,
            sigma: 8.689587e-5,
            min: 0.005506736,
            max: 0.98155177,
        },
        ChannelStats {
            median: 0.0067208973,
            mad: 5.652383e-5,
            sigma: 8.380223e-5,
            min: 0.0050217025,
            max: 0.9962636,
        },
    ],
    sample_count: 100000,
}
