---
source: tests/integration/stacking_tests.rs
assertion_line: 251
expression: stats
---
ImageStats {
    channels: [
        ChannelStats {
            median: 0.0038737399,
            mad: 6.841915e-5,
            sigma: 0.00010143823,
            min: 0.0020404072,
            max: 0.9122688,
        },
        ChannelStats {
            median: 0.0038714483,
            mad: 8.2874205e-5,
            sigma: 0.0001228693,
            min: 0.0021883831,
            max: 0.92925704,
        },
        ChannelStats {
            median: 0.003876499,
            mad: 9.201281e-5,
            sigma: 0.00013641818,
            min: 0.0016833324,
            max: 0.9058416,
        },
    ],
    sample_count: 100000,
}
