---
source: tests/integration/stacking_tests.rs
expression: stats
---
ImageStats {
    channels: [
        ChannelStats {
            median: 0.00575327,
            mad: 5.7055382e-5,
            sigma: 8.4590305e-5,
            min: 0.004464835,
            max: 0.9818219,
        },
        ChannelStats {
            median: 0.0057674935,
            mad: 5.8832113e-5,
            sigma: 8.7224485e-5,
            min: 0.004553033,
            max: 0.98126256,
        },
        ChannelStats {
            median: 0.005725015,
            mad: 5.6942226e-5,
            sigma: 8.442254e-5,
            min: 0.004026811,
            max: 0.9952964,
        },
    ],
    sample_count: 100000,
}
